// Vitest Snapshot v1, https://vitest.dev/guide/snapshot.html

exports[`Button Visual Regression (Snapshots) > default size snapshot 1`] = `
<button
  class="inline-flex items-center justify-center gap-2 whitespace-nowrap rounded-md text-sm font-medium transition-all disabled:pointer-events-none disabled:opacity-50 [&_svg]:pointer-events-none [&_svg:not([class*='size-'])]:size-4 shrink-0 [&_svg]:shrink-0 outline-none focus-visible:border-ring focus-visible:ring-ring/50 focus-visible:ring-[3px] aria-invalid:ring-destructive/20 dark:aria-invalid:ring-destructive/40 aria-invalid:border-destructive bg-primary text-primary-foreground hover:bg-primary/90 active:bg-primary/80 h-9 px-4 py-2 has-[>svg]:px-3"
  data-size="default"
  data-slot="button"
  data-variant="default"
>
  Snapshot
</button>
`;

exports[`Button Visual Regression (Snapshots) > default variant snapshot 1`] = `
<button
  class="inline-flex items-center justify-center gap-2 whitespace-nowrap rounded-md text-sm font-medium transition-all disabled:pointer-events-none disabled:opacity-50 [&_svg]:pointer-events-none [&_svg:not([class*='size-'])]:size-4 shrink-0 [&_svg]:shrink-0 outline-none focus-visible:border-ring focus-visible:ring-ring/50 focus-visible:ring-[3px] aria-invalid:ring-destructive/20 dark:aria-invalid:ring-destructive/40 aria-invalid:border-destructive bg-primary text-primary-foreground hover:bg-primary/90 active:bg-primary/80 h-9 px-4 py-2 has-[>svg]:px-3"
  data-size="default"
  data-slot="button"
  data-variant="default"
>
  Snapshot
</button>
`;

exports[`Button Visual Regression (Snapshots) > destructive variant snapshot 1`] = `
<button
  class="inline-flex items-center justify-center gap-2 whitespace-nowrap rounded-md text-sm font-medium transition-all disabled:pointer-events-none disabled:opacity-50 [&_svg]:pointer-events-none [&_svg:not([class*='size-'])]:size-4 shrink-0 [&_svg]:shrink-0 outline-none focus-visible:border-ring focus-visible:ring-[3px] aria-invalid:ring-destructive/20 dark:aria-invalid:ring-destructive/40 aria-invalid:border-destructive bg-destructive text-white hover:bg-destructive/90 active:bg-destructive/80 focus-visible:ring-destructive/20 dark:focus-visible:ring-destructive/40 dark:bg-destructive/60 h-9 px-4 py-2 has-[>svg]:px-3"
  data-size="default"
  data-slot="button"
  data-variant="destructive"
>
  Snapshot
</button>
`;

exports[`Button Visual Regression (Snapshots) > disabled state snapshot 1`] = `
<button
  class="inline-flex items-center justify-center gap-2 whitespace-nowrap rounded-md text-sm font-medium transition-all disabled:pointer-events-none disabled:opacity-50 [&_svg]:pointer-events-none [&_svg:not([class*='size-'])]:size-4 shrink-0 [&_svg]:shrink-0 outline-none focus-visible:border-ring focus-visible:ring-ring/50 focus-visible:ring-[3px] aria-invalid:ring-destructive/20 dark:aria-invalid:ring-destructive/40 aria-invalid:border-destructive bg-primary text-primary-foreground hover:bg-primary/90 active:bg-primary/80 h-9 px-4 py-2 has-[>svg]:px-3"
  data-size="default"
  data-slot="button"
  data-variant="default"
  disabled=""
>
  Disabled
</button>
`;

exports[`Button Visual Regression (Snapshots) > ghost variant snapshot 1`] = `
<button
  class="inline-flex items-center justify-center gap-2 whitespace-nowrap rounded-md text-sm font-medium transition-all disabled:pointer-events-none disabled:opacity-50 [&_svg]:pointer-events-none [&_svg:not([class*='size-'])]:size-4 shrink-0 [&_svg]:shrink-0 outline-none focus-visible:border-ring focus-visible:ring-ring/50 focus-visible:ring-[3px] aria-invalid:ring-destructive/20 dark:aria-invalid:ring-destructive/40 aria-invalid:border-destructive hover:bg-accent hover:text-accent-foreground active:bg-accent/80 dark:hover:bg-accent/50 h-9 px-4 py-2 has-[>svg]:px-3"
  data-size="default"
  data-slot="button"
  data-variant="ghost"
>
  Snapshot
</button>
`;

exports[`Button Visual Regression (Snapshots) > icon size snapshot 1`] = `
<button
  class="inline-flex items-center justify-center gap-2 whitespace-nowrap rounded-md text-sm font-medium transition-all disabled:pointer-events-none disabled:opacity-50 [&_svg]:pointer-events-none [&_svg:not([class*='size-'])]:size-4 shrink-0 [&_svg]:shrink-0 outline-none focus-visible:border-ring focus-visible:ring-ring/50 focus-visible:ring-[3px] aria-invalid:ring-destructive/20 dark:aria-invalid:ring-destructive/40 aria-invalid:border-destructive bg-primary text-primary-foreground hover:bg-primary/90 active:bg-primary/80 size-9"
  data-size="icon"
  data-slot="button"
  data-variant="default"
>
  Snapshot
</button>
`;

exports[`Button Visual Regression (Snapshots) > icon-lg size snapshot 1`] = `
<button
  class="inline-flex items-center justify-center gap-2 whitespace-nowrap rounded-md text-sm font-medium transition-all disabled:pointer-events-none disabled:opacity-50 [&_svg]:pointer-events-none [&_svg:not([class*='size-'])]:size-4 shrink-0 [&_svg]:shrink-0 outline-none focus-visible:border-ring focus-visible:ring-ring/50 focus-visible:ring-[3px] aria-invalid:ring-destructive/20 dark:aria-invalid:ring-destructive/40 aria-invalid:border-destructive bg-primary text-primary-foreground hover:bg-primary/90 active:bg-primary/80 size-10"
  data-size="icon-lg"
  data-slot="button"
  data-variant="default"
>
  Snapshot
</button>
`;

exports[`Button Visual Regression (Snapshots) > icon-sm size snapshot 1`] = `
<button
  class="inline-flex items-center justify-center gap-2 whitespace-nowrap rounded-md text-sm font-medium transition-all disabled:pointer-events-none disabled:opacity-50 [&_svg]:pointer-events-none [&_svg:not([class*='size-'])]:size-4 shrink-0 [&_svg]:shrink-0 outline-none focus-visible:border-ring focus-visible:ring-ring/50 focus-visible:ring-[3px] aria-invalid:ring-destructive/20 dark:aria-invalid:ring-destructive/40 aria-invalid:border-destructive bg-primary text-primary-foreground hover:bg-primary/90 active:bg-primary/80 size-8"
  data-size="icon-sm"
  data-slot="button"
  data-variant="default"
>
  Snapshot
</button>
`;

exports[`Button Visual Regression (Snapshots) > icon-touch size snapshot 1`] = `
<button
  class="inline-flex items-center justify-center gap-2 whitespace-nowrap rounded-md text-sm font-medium transition-all disabled:pointer-events-none disabled:opacity-50 [&_svg]:pointer-events-none [&_svg:not([class*='size-'])]:size-4 shrink-0 [&_svg]:shrink-0 outline-none focus-visible:border-ring focus-visible:ring-ring/50 focus-visible:ring-[3px] aria-invalid:ring-destructive/20 dark:aria-invalid:ring-destructive/40 aria-invalid:border-destructive bg-primary text-primary-foreground hover:bg-primary/90 active:bg-primary/80 size-11"
  data-size="icon-touch"
  data-slot="button"
  data-variant="default"
>
  Snapshot
</button>
`;

exports[`Button Visual Regression (Snapshots) > icon-xs size snapshot 1`] = `
<button
  class="inline-flex items-center justify-center gap-2 whitespace-nowrap text-sm font-medium transition-all disabled:pointer-events-none disabled:opacity-50 [&_svg]:pointer-events-none shrink-0 [&_svg]:shrink-0 outline-none focus-visible:border-ring focus-visible:ring-ring/50 focus-visible:ring-[3px] aria-invalid:ring-destructive/20 dark:aria-invalid:ring-destructive/40 aria-invalid:border-destructive bg-primary text-primary-foreground hover:bg-primary/90 active:bg-primary/80 size-6 rounded-md [&_svg:not([class*='size-'])]:size-3"
  data-size="icon-xs"
  data-slot="button"
  data-variant="default"
>
  Snapshot
</button>
`;

exports[`Button Visual Regression (Snapshots) > lg size snapshot 1`] = `
<button
  class="inline-flex items-center justify-center gap-2 whitespace-nowrap text-sm font-medium transition-all disabled:pointer-events-none disabled:opacity-50 [&_svg]:pointer-events-none [&_svg:not([class*='size-'])]:size-4 shrink-0 [&_svg]:shrink-0 outline-none focus-visible:border-ring focus-visible:ring-ring/50 focus-visible:ring-[3px] aria-invalid:ring-destructive/20 dark:aria-invalid:ring-destructive/40 aria-invalid:border-destructive bg-primary text-primary-foreground hover:bg-primary/90 active:bg-primary/80 h-10 rounded-md px-6 has-[>svg]:px-4"
  data-size="lg"
  data-slot="button"
  data-variant="default"
>
  Snapshot
</button>
`;

exports[`Button Visual Regression (Snapshots) > link variant snapshot 1`] = `
<button
  class="inline-flex items-center justify-center gap-2 whitespace-nowrap rounded-md text-sm font-medium transition-all disabled:pointer-events-none disabled:opacity-50 [&_svg]:pointer-events-none [&_svg:not([class*='size-'])]:size-4 shrink-0 [&_svg]:shrink-0 outline-none focus-visible:border-ring focus-visible:ring-ring/50 focus-visible:ring-[3px] aria-invalid:ring-destructive/20 dark:aria-invalid:ring-destructive/40 aria-invalid:border-destructive text-primary underline-offset-4 hover:underline active:underline active:text-primary/80 h-9 px-4 py-2 has-[>svg]:px-3"
  data-size="default"
  data-slot="button"
  data-variant="link"
>
  Snapshot
</button>
`;

exports[`Button Visual Regression (Snapshots) > outline variant snapshot 1`] = `
<button
  class="inline-flex items-center justify-center gap-2 whitespace-nowrap rounded-md text-sm font-medium transition-all disabled:pointer-events-none disabled:opacity-50 [&_svg]:pointer-events-none [&_svg:not([class*='size-'])]:size-4 shrink-0 [&_svg]:shrink-0 outline-none focus-visible:border-ring focus-visible:ring-ring/50 focus-visible:ring-[3px] aria-invalid:ring-destructive/20 dark:aria-invalid:ring-destructive/40 aria-invalid:border-destructive border bg-background shadow-xs hover:bg-accent hover:text-accent-foreground active:bg-accent/80 active:text-accent-foreground dark:bg-input/30 dark:border-input dark:hover:bg-input/50 h-9 px-4 py-2 has-[>svg]:px-3"
  data-size="default"
  data-slot="button"
  data-variant="outline"
>
  Snapshot
</button>
`;

exports[`Button Visual Regression (Snapshots) > secondary variant snapshot 1`] = `
<button
  class="inline-flex items-center justify-center gap-2 whitespace-nowrap rounded-md text-sm font-medium transition-all disabled:pointer-events-none disabled:opacity-50 [&_svg]:pointer-events-none [&_svg:not([class*='size-'])]:size-4 shrink-0 [&_svg]:shrink-0 outline-none focus-visible:border-ring focus-visible:ring-ring/50 focus-visible:ring-[3px] aria-invalid:ring-destructive/20 dark:aria-invalid:ring-destructive/40 aria-invalid:border-destructive bg-secondary text-secondary-foreground hover:bg-secondary/80 active:bg-secondary/70 h-9 px-4 py-2 has-[>svg]:px-3"
  data-size="default"
  data-slot="button"
  data-variant="secondary"
>
  Snapshot
</button>
`;

exports[`Button Visual Regression (Snapshots) > sm size snapshot 1`] = `
<button
  class="inline-flex items-center justify-center whitespace-nowrap text-sm font-medium transition-all disabled:pointer-events-none disabled:opacity-50 [&_svg]:pointer-events-none [&_svg:not([class*='size-'])]:size-4 shrink-0 [&_svg]:shrink-0 outline-none focus-visible:border-ring focus-visible:ring-ring/50 focus-visible:ring-[3px] aria-invalid:ring-destructive/20 dark:aria-invalid:ring-destructive/40 aria-invalid:border-destructive bg-primary text-primary-foreground hover:bg-primary/90 active:bg-primary/80 h-8 rounded-md gap-1.5 px-3 has-[>svg]:px-2.5"
  data-size="sm"
  data-slot="button"
  data-variant="default"
>
  Snapshot
</button>
`;

exports[`Button Visual Regression (Snapshots) > touch size snapshot 1`] = `
<button
  class="inline-flex items-center justify-center gap-2 whitespace-nowrap rounded-md text-sm font-medium transition-all disabled:pointer-events-none disabled:opacity-50 [&_svg]:pointer-events-none [&_svg:not([class*='size-'])]:size-4 shrink-0 [&_svg]:shrink-0 outline-none focus-visible:border-ring focus-visible:ring-ring/50 focus-visible:ring-[3px] aria-invalid:ring-destructive/20 dark:aria-invalid:ring-destructive/40 aria-invalid:border-destructive bg-primary text-primary-foreground hover:bg-primary/90 active:bg-primary/80 h-11 px-6 has-[>svg]:px-4"
  data-size="touch"
  data-slot="button"
  data-variant="default"
>
  Snapshot
</button>
`;

exports[`Button Visual Regression (Snapshots) > xs size snapshot 1`] = `
<button
  class="inline-flex items-center justify-center whitespace-nowrap font-medium transition-all disabled:pointer-events-none disabled:opacity-50 [&_svg]:pointer-events-none shrink-0 [&_svg]:shrink-0 outline-none focus-visible:border-ring focus-visible:ring-ring/50 focus-visible:ring-[3px] aria-invalid:ring-destructive/20 dark:aria-invalid:ring-destructive/40 aria-invalid:border-destructive bg-primary text-primary-foreground hover:bg-primary/90 active:bg-primary/80 h-6 gap-1 rounded-md px-2 text-xs has-[>svg]:px-1.5 [&_svg:not([class*='size-'])]:size-3"
  data-size="xs"
  data-slot="button"
  data-variant="default"
>
  Snapshot
</button>
`;
