// Vitest Snapshot v1, https://vitest.dev/guide/snapshot.html

exports[`ScrollArea > snapshot test 1`] = `
<div
  class="relative"
  data-slot="scroll-area"
  data-variant="default"
  dir="ltr"
  style="position: relative; --radix-scroll-area-corner-width: 0px; --radix-scroll-area-corner-height: 0px;"
>
  <style>
    [data-radix-scroll-area-viewport]{scrollbar-width:none;-ms-overflow-style:none;-webkit-overflow-scrolling:touch;}[data-radix-scroll-area-viewport]::-webkit-scrollbar{display:none}
  </style>
  <div
    class="focus-visible:ring-ring/50 size-full rounded-[inherit] transition-[color,box-shadow] outline-none focus-visible:ring-[3px] focus-visible:outline-1"
    data-radix-scroll-area-viewport=""
    data-slot="scroll-area-viewport"
    style="overflow-x: hidden; overflow-y: scroll;"
  >
    <div
      style="min-width: 100%; display: table;"
    >
      <div>
        Content
      </div>
    </div>
  </div>
</div>
`;
